// Jest Snapshot v1, https://goo.gl/fbAQLP

exports[`Paginator should be rendered correctly 1`] = `
<nav
  className="root"
  role="navigation"
>
  <button
    aria-disabled={false}
    className="container uui-button-box uui-enabled -clickable button-color-gray50 root size-24 fill-white fill-white size-24"
    href={null}
    onClick={[Function]}
    role="button"
    tabIndex={0}
  >
    <div
      className="container uui-icon uui-enabled"
      style={Object {}}
    >
      <svg
        className=""
        height={24}
        viewBox="0 0 12 24"
        width={12}
      >
        <use
          xlinkHref="#navigation-chevron-left-18.svg"
        />
      </svg>
    </div>
  </button>
  <button
    className="container uui-button-box uui-enabled -clickable button-color-blue root size-24 fill-light fill-light size-24"
    href={null}
    onClick={[Function]}
    role="button"
    tabIndex={0}
  >
    <div
      className="uui-caption"
    >
      1
    </div>
  </button>
  <button
    className="container uui-button-box uui-enabled -clickable button-color-blue root size-24 fill-light fill-light size-24"
    href={null}
    onClick={[Function]}
    role="button"
    tabIndex={0}
  >
    <div
      className="uui-caption"
    >
      2
    </div>
  </button>
  <button
    className="container uui-button-box uui-enabled -clickable button-color-blue root size-24 fill-light fill-light size-24"
    href={null}
    onClick={[Function]}
    role="button"
    tabIndex={0}
  >
    <div
      className="uui-caption"
    >
      3
    </div>
  </button>
  <button
    className="container uui-button-box uui-enabled -clickable button-color-blue root size-24 fill-light fill-light size-24"
    href={null}
    onClick={[Function]}
    role="button"
    tabIndex={0}
  >
    <div
      className="uui-caption"
    >
      4
    </div>
  </button>
  <button
    className="container uui-button-box uui-enabled -clickable button-color-blue root size-24 fill-light fill-light size-24"
    href={null}
    onClick={[Function]}
    role="button"
    tabIndex={0}
  >
    <div
      className="uui-caption"
    >
      5
    </div>
  </button>
  <button
    className="container uui-button-box uui-enabled button-color-blue root size-24 fill-light fill-light size-24"
    href={null}
    onClick={[Function]}
    role="button"
    tabIndex={-1}
  >
    <div
      className="uui-caption"
    >
      ...
    </div>
  </button>
  <button
    className="container uui-button-box uui-enabled -clickable button-color-blue root size-24 fill-light fill-light size-24"
    href={null}
    onClick={[Function]}
    role="button"
    tabIndex={0}
  >
    <div
      className="uui-caption"
    >
      10
    </div>
  </button>
  <button
    aria-disabled={false}
    className="container uui-button-box uui-enabled -clickable button-color-gray50 root size-24 fill-white fill-white size-24"
    href={null}
    onClick={[Function]}
    role="button"
    tabIndex={0}
  >
    <div
      className="container uui-icon uui-enabled"
      style={Object {}}
    >
      <svg
        className=""
        height={24}
        viewBox="0 0 12 24"
        width={12}
      >
        <use
          xlinkHref="#navigation-chevron-right-18.svg"
        />
      </svg>
    </div>
  </button>
</nav>
`;
