// Jest Snapshot v1, https://goo.gl/fbAQLP

exports[`Checkbox should be rendered correctly 1`] = `
<label
  className="container root size-18 checkbox-color-blue -clickable"
>
  <div
    className="uui-checkbox"
  >
    <input
      aria-checked={false}
      checked={null}
      onChange={[Function]}
      type="checkbox"
    />
  </div>
</label>
`;

exports[`Checkbox should be rendered correctly 2`] = `
<label
  className="container root size-18 checkbox-color-blue -clickable"
>
  <div
    className="uui-checkbox"
  >
    <input
      aria-checked={false}
      checked={null}
      onChange={[Function]}
      type="checkbox"
    />
  </div>
</label>
`;
