// Jest Snapshot v1, https://goo.gl/fbAQLP

exports[`BurgerButton should be rendered correctly 1`] = `
<button
  className="container uui-button-box uui-enabled root button-primary indent-0"
  href={null}
  onClick={[Function]}
  role="button"
  tabIndex={-1}
/>
`;

exports[`BurgerButton should be rendered correctly with props 1`] = `
<a
  className="container uui-button-box uui-enabled -clickable root button-secondary indent-0 dropdown hasIcon"
  href="#"
  onClick={[Function]}
  role="link"
  tabIndex={-1}
  target="_blank"
>
  <div
    className="container uui-icon uui-enabled"
    style={Object {}}
  >
    <svg
      className=""
      height={24}
      viewBox="0 0 12 24"
      width={12}
    >
      <use
        xlinkHref="#triangle.svg"
      />
    </svg>
  </div>
  <div
    className="container uui-icon uui-enabled"
    style={Object {}}
  >
    <svg
      className=""
      height={24}
      viewBox="0 0 12 24"
      width={12}
    >
      <use
        xlinkHref="#accept-12.svg"
      />
    </svg>
  </div>
  <div
    className="uui-caption"
  >
    Test button
  </div>
</a>
`;
