// Jest Snapshot v1, https://goo.gl/fbAQLP

exports[`IconButton should be rendered correctly 1`] = `
<button
  className="container uui-button-box uui-enabled root color-night600"
  href={null}
  onClick={[Function]}
  role="button"
  tabIndex={-1}
>
  <div
    className="container uui-icon uui-enabled"
    style={Object {}}
  />
</button>
`;

exports[`IconButton should be rendered correctly with props 1`] = `
<button
  aria-disabled={false}
  className="container uui-button-box uui-enabled -clickable root color-sun"
  href={null}
  onClick={[Function]}
  role="button"
  tabIndex={0}
>
  <div
    className="container uui-icon uui-enabled"
    style={Object {}}
  >
    <svg
      className=""
      height={24}
      viewBox="0 0 12 24"
      width={12}
    >
      <use
        xlinkHref="#accept-12.svg"
      />
    </svg>
  </div>
</button>
`;
