// Jest Snapshot v1, https://goo.gl/fbAQLP

exports[`MainMenuButton should be rendered correctly 1`] = `
<button
  className="container uui-button-box uui-enabled root type-primary"
  href={null}
  onClick={[Function]}
  role="button"
  tabIndex={-1}
/>
`;

exports[`MainMenuButton should be rendered correctly 2`] = `
<a
  className="container uui-button-box uui-enabled -clickable root type-primary"
  onClick={[Function]}
  role="link"
  tabIndex={-1}
  target="_blank"
>
  <div
    className="uui-caption"
  >
    Test button
  </div>
  <div
    className="container uui-icon uui-enabled"
    style={Object {}}
  >
    <svg
      className=""
      height={24}
      viewBox="0 0 12 24"
      width={12}
    >
      <use
        xlinkHref="#chevron-down-24.svg"
      />
    </svg>
  </div>
</a>
`;
