// Jest Snapshot v1, https://goo.gl/fbAQLP

exports[`RangeSlider should be rendered correctly 1`] = `
<div
  className="uui-slider-container root root color-sky"
  onClick={[Function]}
>
  <div
    className="uui-slider"
  />
  <div
    className="uui-slider-filled"
    style={
      Object {
        "left": 0,
        "width": 0,
      }
    }
  />
  <div
    className="uui-slider-scale"
  >
    <div
      className="uui-slider-scale-dot uui-slider-scale-filled-dot"
      style={
        Object {
          "transform": "translateX(0px)",
        }
      }
    />
    <div
      className="uui-slider-scale-number"
      style={
        Object {
          "transform": "translateX(0px)",
        }
      }
    >
      1
    </div>
    <div
      className="uui-slider-scale-dot uui-slider-scale-filled-dot"
      style={
        Object {
          "transform": "translateX(0px)",
        }
      }
    />
    <div
      className="uui-slider-scale-number"
      style={
        Object {
          "transform": "translateX(0px)",
        }
      }
    >
      100
    </div>
  </div>
  <div
    aria-label="From"
    aria-valuemax={100}
    aria-valuemin={1}
    className="uui-slider-handle root color-sky"
    onBlur={[Function]}
    onFocus={[Function]}
    onKeyDown={[Function]}
    onMouseDown={[Function]}
    onMouseUp={[Function]}
    role="slider"
    style={
      Object {
        "transform": "translateX(0px)",
      }
    }
    tabIndex={0}
  />
  <div
    aria-label="To"
    aria-valuemax={100}
    aria-valuemin={1}
    className="uui-slider-handle root color-sky"
    onBlur={[Function]}
    onFocus={[Function]}
    onKeyDown={[Function]}
    onMouseDown={[Function]}
    onMouseUp={[Function]}
    role="slider"
    style={
      Object {
        "transform": "translateX(0px)",
      }
    }
    tabIndex={0}
  />
</div>
`;

exports[`RangeSlider should be rendered correctly with extra props 1`] = `
<div
  className="uui-slider-container root root color-sun"
  onClick={[Function]}
>
  <div
    className="uui-slider"
  />
  <div
    className="uui-slider-filled"
    style={
      Object {
        "left": 0,
        "width": 0,
      }
    }
  />
  <div
    className="uui-slider-scale"
  >
    <div
      className="uui-slider-scale-dot uui-slider-scale-filled-dot"
      style={
        Object {
          "transform": "translateX(0px)",
        }
      }
    />
    <div
      className="uui-slider-scale-number"
      style={
        Object {
          "transform": "translateX(0px)",
        }
      }
    >
      1
    </div>
    <div
      className="uui-slider-scale-dot uui-slider-scale-filled-dot"
      style={
        Object {
          "transform": "translateX(0px)",
        }
      }
    />
    <div
      className="uui-slider-scale-number"
      style={
        Object {
          "transform": "translateX(0px)",
        }
      }
    >
      100
    </div>
  </div>
  <div
    aria-label="From"
    aria-valuemax={100}
    aria-valuemin={1}
    className="uui-slider-handle root color-sun"
    onBlur={[Function]}
    onFocus={[Function]}
    onKeyDown={[Function]}
    onMouseDown={[Function]}
    onMouseUp={[Function]}
    role="slider"
    style={
      Object {
        "transform": "translateX(0px)",
      }
    }
    tabIndex={0}
  />
  <div
    aria-label="To"
    aria-valuemax={100}
    aria-valuemin={1}
    className="uui-slider-handle root color-sun"
    onBlur={[Function]}
    onFocus={[Function]}
    onKeyDown={[Function]}
    onMouseDown={[Function]}
    onMouseUp={[Function]}
    role="slider"
    style={
      Object {
        "transform": "translateX(0px)",
      }
    }
    tabIndex={0}
  />
</div>
`;
