// Jest Snapshot v1, https://goo.gl/fbAQLP

exports[`DataTableHeaderCell should be rendered correctly 1`] = `
<div
  aria-sort="none"
  className="flexCell"
  onClick={[Function]}
  role="columnheader"
  style={
    Object {
      "alignSelf": undefined,
      "flexBasis": "200px",
      "flexGrow": undefined,
      "flexShrink": undefined,
      "minWidth": 0,
      "textAlign": undefined,
    }
  }
>
  <div>
    <div
      className=""
    >
      <div
        className="text font-sans color-night700 line-height-18 font-size-14 v-padding-9 container"
      >
        Test
      </div>
    </div>
  </div>
</div>
`;
