// Jest Snapshot v1, https://goo.gl/fbAQLP

exports[`DataTableRow should be rendered correctly 1`] = `
<div
  className="container uui-table-row-container uui-table-row root background-white border-night300 size-30 container align-items-top"
  role="row"
>
  <div
    className="scrollableColumnsWrapper"
    style={
      Object {
        "flexGrow": 100,
        "flexShrink": 1,
        "minWidth": 0,
        "width": 0,
      }
    }
  >
    <div
      className="scrollableColumnsContainer"
    >
      <div
        className="container align-items-top"
      >
        <div
          className="flexCell cell size-36 padding-12 padding-left-24 padding-right-24 align-widgets-top"
          onClick={[Function]}
          role="cell"
          style={
            Object {
              "alignSelf": undefined,
              "flexBasis": "96px",
              "flexGrow": 0,
              "flexShrink": 0,
              "minWidth": 0,
              "textAlign": undefined,
            }
          }
        >
          <div />
        </div>
      </div>
    </div>
    <div
      className="scrollShadowLeft"
    />
    <div
      className="scrollShadowRight"
    />
  </div>
</div>
`;
