// Jest Snapshot v1, https://goo.gl/fbAQLP

exports[`PickerListItem should render with all new props 1`] = `
<div
  className="row"
>
  <label
    className="container uui-disabled root size-18 color-sky theme-light"
  >
    <div
      className="uui-radioinput"
    >
      <input
        aria-checked={false}
        aria-disabled={true}
        disabled={true}
        onChange={[Function]}
        type="radio"
      />
    </div>
  </label>
</div>
`;

exports[`PickerListItem should render with default props 1`] = `
<div
  className="row"
>
  <label
    className="container uui-disabled root size-18 color-sky theme-light"
  >
    <div
      className="uui-radioinput"
    >
      <input
        aria-checked={false}
        aria-disabled={true}
        disabled={true}
        onChange={[Function]}
        type="radio"
      />
    </div>
  </label>
</div>
`;
